---
source: core/tests/suite/compact_persistence.rs
expression: "warnings.join(\"\\n\")"
---
Failed to save the compacted conversation: thread-store internal error: checkpoint flush failed
Failed to save the conversation transcript; Codex will continue retrying. Error: thread-store internal error: checkpoint flush failed
