---
source: tui/src/bottom_pane/chat_composer.rs
expression: terminal.backend()
---
"› /archive  archive the chat: /archive [new|exit]           "
"                                                            "
"› /ar                                                       "
"                                                            "
"                                         100% context left  "
