---
source: tui/src/bottom_pane/mod.rs
assertion_line: 1497
expression: "render_snapshot(&pane, area)"
---
• Working (0s • esc to interrupt)               
                                                
                                                
› Ask Codex to do anything                      
                                                
  ? for shortcuts              -- context left
