---
source: tui/src/bottom_pane/chat_composer.rs
assertion_line: 4686
expression: terminal.backend()
---
"                                                                                                    "
"  [Image #1]                                                                                        "
"  [Image #2]                                                                                        "
"                                                                                                    "
"› describe these                                                                                    "
"                                                                                                    "
"                                                                                                    "
"                                                                                                    "
"                                                                                   -- context left  "
