---
source: tui/src/bottom_pane/chat_composer.rs
assertion_line: 6382
expression: terminal.backend()
---
"                                                                                                    "
"› Ask Codex to do anything                                                                          "
"                                                                                                    "
"                                                                                                    "
"                                                                                                    "
"                                                                                                    "
"                                                                                                    "
"                                                                                                    "
"                                                                                                    "
"  ? for shortcuts                                                                  -- context left  "
