---
source: tui/src/chatwidget/tests.rs
assertion_line: 3993
expression: terminal.backend()
---
"                                                                                "
"• Working (0s • esc to interrupt)                                               "
"                                                                                "
"                                                                                "
"› Ask Codex to do anything                                                      "
"                                                                                "
"  ? for shortcuts                                              -- context left  "
