---
source: tui/src/chatwidget/tests/popups_and_settings.rs
expression: snapshot
---
"                                                                                "
"                                                                                "
"› Ask Codex to do anything                                                      "
"                                                                                "
"  5.5 max                                       Plan mode (shift+tab to cycle)  "
