---
source: tui/src/chatwidget/tests.rs
assertion_line: 9511
expression: terminal.backend()
---
"                                                                                "
"• Booting MCP server: alpha (0s • esc to interrupt)                             "
"                                                                                "
"                                                                                "
"› Ask Codex to do anything                                                      "
"                                                                                "
"  ? for shortcuts                                              -- context left  "
